2026-03-11 12:14:08.360: [INFO][Sync] Reset engine, reason: 8
2026-03-11 12:14:08.360: [INFO][Sync] Stopped: Bookmarks
2026-03-11 12:14:08.360: [INFO][Sync] Stopped: Preferences
2026-03-11 12:14:08.360: [INFO][Sync] Stopped: Passwords
2026-03-11 12:14:08.360: [INFO][Sync] Stopped: Autofill Profiles
2026-03-11 12:14:08.360: [INFO][Sync] Stopped: Autofill
2026-03-11 12:14:08.360: [INFO][Sync] Stopped: Extensions
2026-03-11 12:14:08.360: [INFO][Sync] Stopped: Sessions
2026-03-11 12:14:08.360: [INFO][Sync] Stopped: Extension settings
2026-03-11 12:14:08.360: [INFO][Sync] Stopped: History Delete Directives
2026-03-11 12:14:08.360: [INFO][Sync] Stopped: Device Info
2026-03-11 12:14:08.360: [INFO][Sync] Stopped: User Consents
2026-03-11 12:14:08.360: [INFO][Sync] Stopped: Send Tab To Self
2026-03-11 12:14:08.360: [INFO][Sync] Stopped: Web Apps
2026-03-11 12:14:08.360: [INFO][Sync] Stopped: History
2026-03-11 12:14:08.360: [INFO][Sync] Stopped: Saved Tab Group
2026-03-11 12:14:08.360: [INFO][Sync] Stopped: WebAuthn Credentials
2026-03-11 12:14:08.360: [INFO][Sync] Stopped: Collection
2026-03-11 12:14:08.360: [INFO][Sync] Stopped: Edge E Drop
2026-03-11 12:14:08.360: [INFO][Sync] Stopped: Edge Hub App Usage
2026-03-11 12:14:08.360: [INFO][Sync] Stopped: Edge Wallet
2026-03-11 12:14:08.360: [INFO][Sync] Stopped: Edge Workspace
2026-03-11 12:14:08.360: [INFO][Sync] SyncState after authenticated was: NotSignedIn
2026-03-11 12:14:08.668: [INFO][Sync] Reset engine, reason: 8
2026-03-11 12:14:08.668: [INFO][Sync] Stopped: Bookmarks
2026-03-11 12:14:08.668: [INFO][Sync] Stopped: Preferences
2026-03-11 12:14:08.668: [INFO][Sync] Stopped: Passwords
2026-03-11 12:14:08.668: [INFO][Sync] Stopped: Autofill Profiles
2026-03-11 12:14:08.668: [INFO][Sync] Stopped: Autofill
2026-03-11 12:14:08.668: [INFO][Sync] Stopped: Extensions
2026-03-11 12:14:08.668: [INFO][Sync] Stopped: Sessions
2026-03-11 12:14:08.668: [INFO][Sync] Stopped: Extension settings
2026-03-11 12:14:08.668: [INFO][Sync] Stopped: History Delete Directives
2026-03-11 12:14:08.668: [INFO][Sync] Stopped: Device Info
2026-03-11 12:14:08.668: [INFO][Sync] Stopped: User Consents
2026-03-11 12:14:08.668: [INFO][Sync] Stopped: Send Tab To Self
2026-03-11 12:14:08.668: [INFO][Sync] Stopped: Web Apps
2026-03-11 12:14:08.668: [INFO][Sync] Stopped: History
2026-03-11 12:14:08.668: [INFO][Sync] Stopped: Saved Tab Group
2026-03-11 12:14:08.668: [INFO][Sync] Stopped: WebAuthn Credentials
2026-03-11 12:14:08.668: [INFO][Sync] Stopped: Collection
2026-03-11 12:14:08.668: [INFO][Sync] Stopped: Edge E Drop
2026-03-11 12:14:08.668: [INFO][Sync] Stopped: Edge Hub App Usage
2026-03-11 12:14:08.668: [INFO][Sync] Stopped: Edge Wallet
2026-03-11 12:14:08.668: [INFO][Sync] Stopped: Edge Workspace
2026-03-11 12:16:12.539: [INFO][Sync] Reset engine, reason: 0
2026-03-11 12:43:04.565: [INFO][Sync] Reset engine, reason: 8
2026-03-11 12:43:04.565: [INFO][Sync] Stopped: Bookmarks
2026-03-11 12:43:04.565: [INFO][Sync] Stopped: Preferences
2026-03-11 12:43:04.565: [INFO][Sync] Stopped: Passwords
2026-03-11 12:43:04.565: [INFO][Sync] Stopped: Autofill Profiles
2026-03-11 12:43:04.565: [INFO][Sync] Stopped: Autofill
2026-03-11 12:43:04.565: [INFO][Sync] Stopped: Extensions
2026-03-11 12:43:04.565: [INFO][Sync] Stopped: Sessions
2026-03-11 12:43:04.565: [INFO][Sync] Stopped: Extension settings
2026-03-11 12:43:04.565: [INFO][Sync] Stopped: History Delete Directives
2026-03-11 12:43:04.565: [INFO][Sync] Stopped: Device Info
2026-03-11 12:43:04.565: [INFO][Sync] Stopped: User Consents
2026-03-11 12:43:04.565: [INFO][Sync] Stopped: Send Tab To Self
2026-03-11 12:43:04.565: [INFO][Sync] Stopped: Web Apps
2026-03-11 12:43:04.565: [INFO][Sync] Stopped: History
2026-03-11 12:43:04.565: [INFO][Sync] Stopped: Saved Tab Group
2026-03-11 12:43:04.565: [INFO][Sync] Stopped: WebAuthn Credentials
2026-03-11 12:43:04.565: [INFO][Sync] Stopped: Collection
2026-03-11 12:43:04.565: [INFO][Sync] Stopped: Edge E Drop
2026-03-11 12:43:04.565: [INFO][Sync] Stopped: Edge Hub App Usage
2026-03-11 12:43:04.565: [INFO][Sync] Stopped: Edge Wallet
2026-03-11 12:43:04.565: [INFO][Sync] Stopped: Edge Workspace
2026-03-11 12:43:04.565: [INFO][Sync] SyncState after authenticated was: NotSignedIn
2026-03-11 12:43:04.823: [INFO][Sync] Reset engine, reason: 8
2026-03-11 12:43:04.823: [INFO][Sync] Stopped: Bookmarks
2026-03-11 12:43:04.823: [INFO][Sync] Stopped: Preferences
2026-03-11 12:43:04.823: [INFO][Sync] Stopped: Passwords
2026-03-11 12:43:04.823: [INFO][Sync] Stopped: Autofill Profiles
2026-03-11 12:43:04.823: [INFO][Sync] Stopped: Autofill
2026-03-11 12:43:04.823: [INFO][Sync] Stopped: Extensions
2026-03-11 12:43:04.823: [INFO][Sync] Stopped: Sessions
2026-03-11 12:43:04.823: [INFO][Sync] Stopped: Extension settings
2026-03-11 12:43:04.823: [INFO][Sync] Stopped: History Delete Directives
2026-03-11 12:43:04.823: [INFO][Sync] Stopped: Device Info
2026-03-11 12:43:04.823: [INFO][Sync] Stopped: User Consents
2026-03-11 12:43:04.823: [INFO][Sync] Stopped: Send Tab To Self
2026-03-11 12:43:04.823: [INFO][Sync] Stopped: Web Apps
2026-03-11 12:43:04.823: [INFO][Sync] Stopped: History
2026-03-11 12:43:04.823: [INFO][Sync] Stopped: Saved Tab Group
2026-03-11 12:43:04.823: [INFO][Sync] Stopped: WebAuthn Credentials
2026-03-11 12:43:04.823: [INFO][Sync] Stopped: Collection
2026-03-11 12:43:04.823: [INFO][Sync] Stopped: Edge E Drop
2026-03-11 12:43:04.823: [INFO][Sync] Stopped: Edge Hub App Usage
2026-03-11 12:43:04.823: [INFO][Sync] Stopped: Edge Wallet
2026-03-11 12:43:04.823: [INFO][Sync] Stopped: Edge Workspace
2026-03-11 12:50:35.144: [INFO][Sync] Reset engine, reason: 0
2026-03-11 13:26:22.409: [INFO][Sync] Reset engine, reason: 8
2026-03-11 13:26:22.409: [INFO][Sync] Stopped: Bookmarks
2026-03-11 13:26:22.409: [INFO][Sync] Stopped: Preferences
2026-03-11 13:26:22.409: [INFO][Sync] Stopped: Passwords
2026-03-11 13:26:22.409: [INFO][Sync] Stopped: Autofill Profiles
2026-03-11 13:26:22.409: [INFO][Sync] Stopped: Autofill
2026-03-11 13:26:22.409: [INFO][Sync] Stopped: Extensions
2026-03-11 13:26:22.409: [INFO][Sync] Stopped: Sessions
2026-03-11 13:26:22.409: [INFO][Sync] Stopped: Extension settings
2026-03-11 13:26:22.409: [INFO][Sync] Stopped: History Delete Directives
2026-03-11 13:26:22.409: [INFO][Sync] Stopped: Device Info
2026-03-11 13:26:22.409: [INFO][Sync] Stopped: User Consents
2026-03-11 13:26:22.409: [INFO][Sync] Stopped: Send Tab To Self
2026-03-11 13:26:22.409: [INFO][Sync] Stopped: Web Apps
2026-03-11 13:26:22.409: [INFO][Sync] Stopped: History
2026-03-11 13:26:22.409: [INFO][Sync] Stopped: Saved Tab Group
2026-03-11 13:26:22.409: [INFO][Sync] Stopped: WebAuthn Credentials
2026-03-11 13:26:22.409: [INFO][Sync] Stopped: Collection
2026-03-11 13:26:22.409: [INFO][Sync] Stopped: Edge E Drop
2026-03-11 13:26:22.409: [INFO][Sync] Stopped: Edge Hub App Usage
2026-03-11 13:26:22.409: [INFO][Sync] Stopped: Edge Wallet
2026-03-11 13:26:22.409: [INFO][Sync] Stopped: Edge Workspace
2026-03-11 13:26:22.410: [INFO][Sync] SyncState after authenticated was: NotSignedIn
2026-03-11 13:26:22.641: [INFO][Sync] Reset engine, reason: 8
2026-03-11 13:26:22.641: [INFO][Sync] Stopped: Bookmarks
2026-03-11 13:26:22.641: [INFO][Sync] Stopped: Preferences
2026-03-11 13:26:22.641: [INFO][Sync] Stopped: Passwords
2026-03-11 13:26:22.641: [INFO][Sync] Stopped: Autofill Profiles
2026-03-11 13:26:22.641: [INFO][Sync] Stopped: Autofill
2026-03-11 13:26:22.641: [INFO][Sync] Stopped: Extensions
2026-03-11 13:26:22.641: [INFO][Sync] Stopped: Sessions
2026-03-11 13:26:22.641: [INFO][Sync] Stopped: Extension settings
2026-03-11 13:26:22.641: [INFO][Sync] Stopped: History Delete Directives
2026-03-11 13:26:22.641: [INFO][Sync] Stopped: Device Info
2026-03-11 13:26:22.641: [INFO][Sync] Stopped: User Consents
2026-03-11 13:26:22.641: [INFO][Sync] Stopped: Send Tab To Self
2026-03-11 13:26:22.641: [INFO][Sync] Stopped: Web Apps
2026-03-11 13:26:22.641: [INFO][Sync] Stopped: History
2026-03-11 13:26:22.641: [INFO][Sync] Stopped: Saved Tab Group
2026-03-11 13:26:22.641: [INFO][Sync] Stopped: WebAuthn Credentials
2026-03-11 13:26:22.641: [INFO][Sync] Stopped: Collection
2026-03-11 13:26:22.641: [INFO][Sync] Stopped: Edge E Drop
2026-03-11 13:26:22.641: [INFO][Sync] Stopped: Edge Hub App Usage
2026-03-11 13:26:22.641: [INFO][Sync] Stopped: Edge Wallet
2026-03-11 13:26:22.641: [INFO][Sync] Stopped: Edge Workspace
2026-03-11 13:27:38.042: [INFO][Sync] Reset engine, reason: 0
2026-03-11 17:54:03.515: [INFO][Sync] Reset engine, reason: 8
2026-03-11 17:54:03.516: [INFO][Sync] Stopped: Bookmarks
2026-03-11 17:54:03.516: [INFO][Sync] Stopped: Preferences
2026-03-11 17:54:03.516: [INFO][Sync] Stopped: Passwords
2026-03-11 17:54:03.516: [INFO][Sync] Stopped: Autofill Profiles
2026-03-11 17:54:03.516: [INFO][Sync] Stopped: Autofill
2026-03-11 17:54:03.516: [INFO][Sync] Stopped: Extensions
2026-03-11 17:54:03.516: [INFO][Sync] Stopped: Sessions
2026-03-11 17:54:03.516: [INFO][Sync] Stopped: Extension settings
2026-03-11 17:54:03.516: [INFO][Sync] Stopped: History Delete Directives
2026-03-11 17:54:03.516: [INFO][Sync] Stopped: Device Info
2026-03-11 17:54:03.516: [INFO][Sync] Stopped: User Consents
2026-03-11 17:54:03.516: [INFO][Sync] Stopped: Send Tab To Self
2026-03-11 17:54:03.516: [INFO][Sync] Stopped: Web Apps
2026-03-11 17:54:03.516: [INFO][Sync] Stopped: History
2026-03-11 17:54:03.516: [INFO][Sync] Stopped: Saved Tab Group
2026-03-11 17:54:03.516: [INFO][Sync] Stopped: WebAuthn Credentials
2026-03-11 17:54:03.516: [INFO][Sync] Stopped: Collection
2026-03-11 17:54:03.516: [INFO][Sync] Stopped: Edge E Drop
2026-03-11 17:54:03.516: [INFO][Sync] Stopped: Edge Hub App Usage
2026-03-11 17:54:03.516: [INFO][Sync] Stopped: Edge Wallet
2026-03-11 17:54:03.516: [INFO][Sync] Stopped: Edge Workspace
2026-03-11 17:54:03.516: [INFO][Sync] SyncState after authenticated was: NotSignedIn
2026-03-11 17:54:03.735: [INFO][Sync] Reset engine, reason: 8
2026-03-11 17:54:03.735: [INFO][Sync] Stopped: Bookmarks
2026-03-11 17:54:03.735: [INFO][Sync] Stopped: Preferences
2026-03-11 17:54:03.735: [INFO][Sync] Stopped: Passwords
2026-03-11 17:54:03.735: [INFO][Sync] Stopped: Autofill Profiles
2026-03-11 17:54:03.735: [INFO][Sync] Stopped: Autofill
2026-03-11 17:54:03.735: [INFO][Sync] Stopped: Extensions
2026-03-11 17:54:03.735: [INFO][Sync] Stopped: Sessions
2026-03-11 17:54:03.735: [INFO][Sync] Stopped: Extension settings
2026-03-11 17:54:03.735: [INFO][Sync] Stopped: History Delete Directives
2026-03-11 17:54:03.735: [INFO][Sync] Stopped: Device Info
2026-03-11 17:54:03.735: [INFO][Sync] Stopped: User Consents
2026-03-11 17:54:03.735: [INFO][Sync] Stopped: Send Tab To Self
2026-03-11 17:54:03.735: [INFO][Sync] Stopped: Web Apps
2026-03-11 17:54:03.735: [INFO][Sync] Stopped: History
2026-03-11 17:54:03.735: [INFO][Sync] Stopped: Saved Tab Group
2026-03-11 17:54:03.735: [INFO][Sync] Stopped: WebAuthn Credentials
2026-03-11 17:54:03.735: [INFO][Sync] Stopped: Collection
2026-03-11 17:54:03.735: [INFO][Sync] Stopped: Edge E Drop
2026-03-11 17:54:03.735: [INFO][Sync] Stopped: Edge Hub App Usage
2026-03-11 17:54:03.735: [INFO][Sync] Stopped: Edge Wallet
2026-03-11 17:54:03.735: [INFO][Sync] Stopped: Edge Workspace
2026-03-11 17:58:44.283: [INFO][Sync] Reset engine, reason: 0
2026-03-11 17:59:15.150: [INFO][Sync] Reset engine, reason: 8
2026-03-11 17:59:15.150: [INFO][Sync] Stopped: Bookmarks
2026-03-11 17:59:15.150: [INFO][Sync] Stopped: Preferences
2026-03-11 17:59:15.150: [INFO][Sync] Stopped: Passwords
2026-03-11 17:59:15.150: [INFO][Sync] Stopped: Autofill Profiles
2026-03-11 17:59:15.150: [INFO][Sync] Stopped: Autofill
2026-03-11 17:59:15.150: [INFO][Sync] Stopped: Extensions
2026-03-11 17:59:15.150: [INFO][Sync] Stopped: Sessions
2026-03-11 17:59:15.150: [INFO][Sync] Stopped: Extension settings
2026-03-11 17:59:15.150: [INFO][Sync] Stopped: History Delete Directives
2026-03-11 17:59:15.150: [INFO][Sync] Stopped: Device Info
2026-03-11 17:59:15.150: [INFO][Sync] Stopped: User Consents
2026-03-11 17:59:15.150: [INFO][Sync] Stopped: Send Tab To Self
2026-03-11 17:59:15.150: [INFO][Sync] Stopped: Web Apps
2026-03-11 17:59:15.150: [INFO][Sync] Stopped: History
2026-03-11 17:59:15.150: [INFO][Sync] Stopped: Saved Tab Group
2026-03-11 17:59:15.150: [INFO][Sync] Stopped: WebAuthn Credentials
2026-03-11 17:59:15.150: [INFO][Sync] Stopped: Collection
2026-03-11 17:59:15.150: [INFO][Sync] Stopped: Edge E Drop
2026-03-11 17:59:15.150: [INFO][Sync] Stopped: Edge Hub App Usage
2026-03-11 17:59:15.150: [INFO][Sync] Stopped: Edge Wallet
2026-03-11 17:59:15.150: [INFO][Sync] Stopped: Edge Workspace
2026-03-11 17:59:15.150: [INFO][Sync] SyncState after authenticated was: NotSignedIn
2026-03-11 17:59:15.357: [INFO][Sync] Reset engine, reason: 8
2026-03-11 17:59:15.357: [INFO][Sync] Stopped: Bookmarks
2026-03-11 17:59:15.357: [INFO][Sync] Stopped: Preferences
2026-03-11 17:59:15.357: [INFO][Sync] Stopped: Passwords
2026-03-11 17:59:15.357: [INFO][Sync] Stopped: Autofill Profiles
2026-03-11 17:59:15.357: [INFO][Sync] Stopped: Autofill
2026-03-11 17:59:15.357: [INFO][Sync] Stopped: Extensions
2026-03-11 17:59:15.357: [INFO][Sync] Stopped: Sessions
2026-03-11 17:59:15.357: [INFO][Sync] Stopped: Extension settings
2026-03-11 17:59:15.357: [INFO][Sync] Stopped: History Delete Directives
2026-03-11 17:59:15.357: [INFO][Sync] Stopped: Device Info
2026-03-11 17:59:15.357: [INFO][Sync] Stopped: User Consents
2026-03-11 17:59:15.357: [INFO][Sync] Stopped: Send Tab To Self
2026-03-11 17:59:15.357: [INFO][Sync] Stopped: Web Apps
2026-03-11 17:59:15.357: [INFO][Sync] Stopped: History
2026-03-11 17:59:15.357: [INFO][Sync] Stopped: Saved Tab Group
2026-03-11 17:59:15.357: [INFO][Sync] Stopped: WebAuthn Credentials
2026-03-11 17:59:15.357: [INFO][Sync] Stopped: Collection
2026-03-11 17:59:15.357: [INFO][Sync] Stopped: Edge E Drop
2026-03-11 17:59:15.357: [INFO][Sync] Stopped: Edge Hub App Usage
2026-03-11 17:59:15.357: [INFO][Sync] Stopped: Edge Wallet
2026-03-11 17:59:15.357: [INFO][Sync] Stopped: Edge Workspace
2026-03-11 18:00:25.725: [INFO][Sync] Reset engine, reason: 0
2026-03-11 18:01:33.593: [INFO][Sync] Reset engine, reason: 8
2026-03-11 18:01:33.593: [INFO][Sync] Stopped: Bookmarks
2026-03-11 18:01:33.593: [INFO][Sync] Stopped: Preferences
2026-03-11 18:01:33.593: [INFO][Sync] Stopped: Passwords
2026-03-11 18:01:33.593: [INFO][Sync] Stopped: Autofill Profiles
2026-03-11 18:01:33.593: [INFO][Sync] Stopped: Autofill
2026-03-11 18:01:33.593: [INFO][Sync] Stopped: Extensions
2026-03-11 18:01:33.593: [INFO][Sync] Stopped: Sessions
2026-03-11 18:01:33.593: [INFO][Sync] Stopped: Extension settings
2026-03-11 18:01:33.593: [INFO][Sync] Stopped: History Delete Directives
2026-03-11 18:01:33.593: [INFO][Sync] Stopped: Device Info
2026-03-11 18:01:33.593: [INFO][Sync] Stopped: User Consents
2026-03-11 18:01:33.593: [INFO][Sync] Stopped: Send Tab To Self
2026-03-11 18:01:33.593: [INFO][Sync] Stopped: Web Apps
2026-03-11 18:01:33.593: [INFO][Sync] Stopped: History
2026-03-11 18:01:33.593: [INFO][Sync] Stopped: Saved Tab Group
2026-03-11 18:01:33.593: [INFO][Sync] Stopped: WebAuthn Credentials
2026-03-11 18:01:33.593: [INFO][Sync] Stopped: Collection
2026-03-11 18:01:33.593: [INFO][Sync] Stopped: Edge E Drop
2026-03-11 18:01:33.593: [INFO][Sync] Stopped: Edge Hub App Usage
2026-03-11 18:01:33.593: [INFO][Sync] Stopped: Edge Wallet
2026-03-11 18:01:33.593: [INFO][Sync] Stopped: Edge Workspace
2026-03-11 18:01:33.593: [INFO][Sync] SyncState after authenticated was: NotSignedIn
2026-03-11 18:01:33.804: [INFO][Sync] Reset engine, reason: 8
2026-03-11 18:01:33.804: [INFO][Sync] Stopped: Bookmarks
2026-03-11 18:01:33.804: [INFO][Sync] Stopped: Preferences
2026-03-11 18:01:33.804: [INFO][Sync] Stopped: Passwords
2026-03-11 18:01:33.804: [INFO][Sync] Stopped: Autofill Profiles
2026-03-11 18:01:33.804: [INFO][Sync] Stopped: Autofill
2026-03-11 18:01:33.804: [INFO][Sync] Stopped: Extensions
2026-03-11 18:01:33.804: [INFO][Sync] Stopped: Sessions
2026-03-11 18:01:33.804: [INFO][Sync] Stopped: Extension settings
2026-03-11 18:01:33.804: [INFO][Sync] Stopped: History Delete Directives
2026-03-11 18:01:33.804: [INFO][Sync] Stopped: Device Info
2026-03-11 18:01:33.804: [INFO][Sync] Stopped: User Consents
2026-03-11 18:01:33.804: [INFO][Sync] Stopped: Send Tab To Self
2026-03-11 18:01:33.804: [INFO][Sync] Stopped: Web Apps
2026-03-11 18:01:33.804: [INFO][Sync] Stopped: History
2026-03-11 18:01:33.804: [INFO][Sync] Stopped: Saved Tab Group
2026-03-11 18:01:33.804: [INFO][Sync] Stopped: WebAuthn Credentials
2026-03-11 18:01:33.804: [INFO][Sync] Stopped: Collection
2026-03-11 18:01:33.804: [INFO][Sync] Stopped: Edge E Drop
2026-03-11 18:01:33.804: [INFO][Sync] Stopped: Edge Hub App Usage
2026-03-11 18:01:33.804: [INFO][Sync] Stopped: Edge Wallet
2026-03-11 18:01:33.804: [INFO][Sync] Stopped: Edge Workspace
2026-03-11 18:02:39.639: [INFO][Sync] Reset engine, reason: 0
