2026-03-11 12:14:08.546: [INFO] VisibilityChanged: 0
2026-03-11 12:14:08.587: [INFO] RecordSyncInitDuration has_sync_been_enabled: 0 state: 0
2026-03-11 12:14:08.588: [INFO] RecordSyncInitDuration has_sync_been_enabled: 0 state: 0
2026-03-11 12:14:08.589: [INFO] RecordSyncInitDuration has_sync_been_enabled: 0 state: 0
2026-03-11 12:14:08.590: [INFO] RecordSyncInitDuration has_sync_been_enabled: 0 state: 0
2026-03-11 12:14:08.590: [INFO] RecordSyncInitDuration has_sync_been_enabled: 0 state: 0
2026-03-11 12:14:08.591: [INFO] RecordSyncInitDuration has_sync_been_enabled: 0 state: 0
2026-03-11 12:14:08.592: [INFO] RecordSyncInitDuration has_sync_been_enabled: 0 state: 0
2026-03-11 12:14:08.593: [INFO] RecordSyncInitDuration has_sync_been_enabled: 0 state: 0
2026-03-11 12:14:08.594: [INFO] RecordSyncInitDuration has_sync_been_enabled: 0 state: 0
2026-03-11 12:14:08.594: [INFO] RecordSyncInitDuration has_sync_been_enabled: 0 state: 0
2026-03-11 12:14:08.595: [INFO] RecordSyncInitDuration has_sync_been_enabled: 0 state: 0
2026-03-11 12:14:08.596: [INFO] RecordSyncInitDuration has_sync_been_enabled: 0 state: 0
2026-03-11 12:14:08.612: [INFO] BookmarkNodeAdded, ABU: 0
2026-03-11 12:14:08.613: [INFO] BookmarkNodeAdded, ABU: 0
2026-03-11 12:14:08.614: [INFO] BookmarkNodeAdded, ABU: 0
2026-03-11 12:14:08.614: [INFO] BookmarkModelLoaded, ids_reassigned: 0
2026-03-11 12:14:08.614: [INFO] OnDoneLoading sync enabled: 0
2026-03-11 12:14:08.670: [INFO] RecordSyncInitDuration has_sync_been_enabled: 0 state: 0
2026-03-11 12:43:04.727: [INFO] VisibilityChanged: 0
2026-03-11 12:43:04.821: [INFO] BookmarkNodeAdded, ABU: 0
2026-03-11 12:43:04.822: [INFO] BookmarkNodeAdded, ABU: 0
2026-03-11 12:43:04.823: [INFO] BookmarkNodeAdded, ABU: 0
2026-03-11 12:43:04.823: [INFO] BookmarkModelLoaded, ids_reassigned: 0
2026-03-11 12:43:04.823: [INFO] OnDoneLoading sync enabled: 0
2026-03-11 12:43:04.825: [INFO] RecordSyncInitDuration has_sync_been_enabled: 0 state: 0
2026-03-11 13:26:22.546: [INFO] VisibilityChanged: 0
2026-03-11 13:26:22.639: [INFO] BookmarkNodeAdded, ABU: 0
2026-03-11 13:26:22.639: [INFO] BookmarkNodeAdded, ABU: 0
2026-03-11 13:26:22.640: [INFO] BookmarkNodeAdded, ABU: 0
2026-03-11 13:26:22.640: [INFO] BookmarkModelLoaded, ids_reassigned: 0
2026-03-11 13:26:22.640: [INFO] OnDoneLoading sync enabled: 0
2026-03-11 13:26:22.643: [INFO] RecordSyncInitDuration has_sync_been_enabled: 0 state: 0
2026-03-11 17:54:03.654: [INFO] VisibilityChanged: 0
2026-03-11 17:54:03.732: [INFO] BookmarkNodeAdded, ABU: 0
2026-03-11 17:54:03.733: [INFO] BookmarkNodeAdded, ABU: 0
2026-03-11 17:54:03.734: [INFO] BookmarkNodeAdded, ABU: 0
2026-03-11 17:54:03.734: [INFO] BookmarkModelLoaded, ids_reassigned: 0
2026-03-11 17:54:03.734: [INFO] OnDoneLoading sync enabled: 0
2026-03-11 17:54:03.736: [INFO] RecordSyncInitDuration has_sync_been_enabled: 0 state: 0
2026-03-11 17:59:15.277: [INFO] VisibilityChanged: 0
2026-03-11 17:59:15.355: [INFO] BookmarkNodeAdded, ABU: 0
2026-03-11 17:59:15.356: [INFO] BookmarkNodeAdded, ABU: 0
2026-03-11 17:59:15.356: [INFO] BookmarkNodeAdded, ABU: 0
2026-03-11 17:59:15.356: [INFO] BookmarkModelLoaded, ids_reassigned: 0
2026-03-11 17:59:15.357: [INFO] OnDoneLoading sync enabled: 0
2026-03-11 17:59:15.358: [INFO] RecordSyncInitDuration has_sync_been_enabled: 0 state: 0
2026-03-11 18:01:33.732: [INFO] VisibilityChanged: 0
2026-03-11 18:01:33.802: [INFO] BookmarkNodeAdded, ABU: 0
2026-03-11 18:01:33.803: [INFO] BookmarkNodeAdded, ABU: 0
2026-03-11 18:01:33.804: [INFO] BookmarkNodeAdded, ABU: 0
2026-03-11 18:01:33.804: [INFO] BookmarkModelLoaded, ids_reassigned: 0
2026-03-11 18:01:33.804: [INFO] OnDoneLoading sync enabled: 0
2026-03-11 18:01:33.806: [INFO] RecordSyncInitDuration has_sync_been_enabled: 0 state: 0
